// Jest Snapshot v1, https://goo.gl/fbAQLP

exports[`Test Navbar Component test defaut style 1`] = `
.c0 {
  display: -webkit-box;
  display: -webkit-flex;
  display: -ms-flexbox;
  display: flex;
  -webkit-flex-direction: row;
  -ms-flex-direction: row;
  flex-direction: row;
  -webkit-box-pack: space-evenly;
  -webkit-justify-content: space-evenly;
  -ms-flex-pack: space-evenly;
  justify-content: space-evenly;
  -webkit-align-items: center;
  -webkit-box-align: center;
  -ms-flex-align: center;
  align-items: center;
  justify-self: center;
  position: fixed;
  width: 100vw;
  height: 5%;
  bottom: 0%;
  background-color: #fff;
}

<nav
  className="c0"
/>
`;
